// Jest Snapshot v1, https://goo.gl/fbAQLP

exports[`Header 组件 Header 组件渲染正确 1`] = `
<div
  className="header-container"
>
  <span
    className="header-title"
  >
    TodoList
  </span>
  <input
    className="header-input"
    data-test="input"
    onChange={[Function]}
    onKeyUp={[Function]}
    type="text"
    value=""
  />
</div>
`;
